[0610/205801.894:ERROR:gpu_init.cc(426)] Passthrough is not supported, GL is disabled
[0610/211307.067:WARNING:spdy_session.cc(3431)] Received HEADERS for invalid stream 31
[0610/213240.576:WARNING:spdy_session.cc(3431)] Received HEADERS for invalid stream 1
[0610/213609.679:WARNING:angle_platform_impl.cc(48)] HLSLCompiler.cpp:257 (compileToBinary): 
C:\fakepath(102,1-6): warning X4000: use of potentially uninitialized variable (dyn_index_vec4_float4)

[0610/213609.779:WARNING:angle_platform_impl.cc(48)] HLSLCompiler.cpp:257 (compileToBinary): 
C:\fakepath(125,1): warning X4000: use of potentially uninitialized variable (f_mainImage)

[0610/213609.905:WARNING:angle_platform_impl.cc(48)] HLSLCompiler.cpp:257 (compileToBinary): 
C:\fakepath(135,1): warning X4000: use of potentially uninitialized variable (f_i)
C:\fakepath(137,1): warning X4000: use of potentially uninitialized variable (f_i)
C:\fakepath(173,1): warning X4000: use of potentially uninitialized variable (f_u)

[0610/213610.755:WARNING:angle_platform_impl.cc(48)] HLSLCompiler.cpp:257 (compileToBinary): 
C:\fakepath(165,1): warning X4000: use of potentially uninitialized variable (f_renderMipMapLevel)

[0610/213610.764:WARNING:angle_platform_impl.cc(48)] HLSLCompiler.cpp:257 (compileToBinary): 
C:\fakepath(165,1): warning X4000: use of potentially uninitialized variable (f_renderMipMapLevel)

[0610/213610.897:WARNING:angle_platform_impl.cc(48)] HLSLCompiler.cpp:257 (compileToBinary): 
C:\fakepath(165,1): warning X4000: use of potentially uninitialized variable (f_renderMipMapLevel)

[0610/213612.634:WARNING:angle_platform_impl.cc(48)] HLSLCompiler.cpp:257 (compileToBinary): 
C:\fakepath(165,1): warning X4000: use of potentially uninitialized variable (f_renderMipMapLevel)

[0610/213612.647:WARNING:angle_platform_impl.cc(48)] HLSLCompiler.cpp:257 (compileToBinary): 
C:\fakepath(165,1): warning X4000: use of potentially uninitialized variable (f_renderMipMapLevel)

[0610/213612.658:WARNING:angle_platform_impl.cc(48)] HLSLCompiler.cpp:257 (compileToBinary): 
C:\fakepath(165,1): warning X4000: use of potentially uninitialized variable (f_renderMipMapLevel)

[0610/213612.665:WARNING:angle_platform_impl.cc(48)] HLSLCompiler.cpp:257 (compileToBinary): 
C:\fakepath(165,1): warning X4000: use of potentially uninitialized variable (f_renderMipMapLevel)

[0610/213849.887:WARNING:angle_platform_impl.cc(48)] HLSLCompiler.cpp:257 (compileToBinary): 
C:\fakepath(102,1-6): warning X4000: use of potentially uninitialized variable (dyn_index_vec4_float4)

[0610/213849.992:WARNING:angle_platform_impl.cc(48)] HLSLCompiler.cpp:257 (compileToBinary): 
C:\fakepath(125,1): warning X4000: use of potentially uninitialized variable (f_mainImage)

[0610/213850.079:WARNING:angle_platform_impl.cc(48)] HLSLCompiler.cpp:257 (compileToBinary): 
C:\fakepath(135,1): warning X4000: use of potentially uninitialized variable (f_i)
C:\fakepath(137,1): warning X4000: use of potentially uninitialized variable (f_i)
C:\fakepath(173,1): warning X4000: use of potentially uninitialized variable (f_u)

[0610/213850.867:ERROR:gl_utils.cc(314)] [.WebGL-000001C3FD3DFB80] GL_INVALID_OPERATION: Two textures of different types use the same sampler location.
[0610/213850.867:ERROR:gl_utils.cc(314)] [.WebGL-000001C3FD3DFB80] GL_INVALID_OPERATION: Two textures of different types use the same sampler location.
[0610/213850.867:ERROR:gl_utils.cc(314)] [.WebGL-000001C3FD3DFB80] GL_INVALID_OPERATION: Two textures of different types use the same sampler location.
[0610/213850.867:ERROR:gl_utils.cc(314)] [.WebGL-000001C3FD3DFB80] GL_INVALID_OPERATION: Two textures of different types use the same sampler location.
[0610/213850.867:ERROR:gl_utils.cc(314)] [.WebGL-000001C3FD3DFB80] GL_INVALID_OPERATION: Two textures of different types use the same sampler location.
[0610/213850.867:ERROR:gl_utils.cc(314)] [.WebGL-000001C3FD3DFB80] GL_INVALID_OPERATION: Two textures of different types use the same sampler location.
[0610/213850.867:ERROR:gl_utils.cc(314)] [.WebGL-000001C3FD3DFB80] GL_INVALID_OPERATION: Two textures of different types use the same sampler location.
[0610/213850.867:ERROR:gl_utils.cc(314)] [.WebGL-000001C3FD3DFB80] GL_INVALID_OPERATION: Two textures of different types use the same sampler location.
[0610/213850.887:ERROR:gl_utils.cc(314)] [.WebGL-000001C3FD3DFB80] GL_INVALID_OPERATION: Two textures of different types use the same sampler location.
[0610/213850.887:ERROR:gl_utils.cc(314)] [.WebGL-000001C3FD3DFB80] GL_INVALID_OPERATION: Two textures of different types use the same sampler location.
[0610/213850.887:ERROR:gl_utils.cc(314)] [.WebGL-000001C3FD3DFB80] GL_INVALID_OPERATION: Two textures of different types use the same sampler location.
[0610/213850.887:ERROR:gl_utils.cc(314)] [.WebGL-000001C3FD3DFB80] GL_INVALID_OPERATION: Two textures of different types use the same sampler location.
[0610/213850.887:ERROR:gl_utils.cc(314)] [.WebGL-000001C3FD3DFB80] GL_INVALID_OPERATION: Two textures of different types use the same sampler location.
[0610/213850.887:ERROR:gl_utils.cc(314)] [.WebGL-000001C3FD3DFB80] GL_INVALID_OPERATION: Two textures of different types use the same sampler location.
[0610/213850.887:ERROR:gl_utils.cc(314)] [.WebGL-000001C3FD3DFB80] GL_INVALID_OPERATION: Two textures of different types use the same sampler location.
[0610/213850.887:ERROR:gl_utils.cc(314)] [.WebGL-000001C3FD3DFB80] GL_INVALID_OPERATION: Two textures of different types use the same sampler location.
[0610/213851.000:WARNING:angle_platform_impl.cc(48)] HLSLCompiler.cpp:257 (compileToBinary): 
C:\fakepath(165,1): warning X4000: use of potentially uninitialized variable (f_renderMipMapLevel)

[0610/213943.403:WARNING:angle_platform_impl.cc(48)] HLSLCompiler.cpp:257 (compileToBinary): 
C:\fakepath(102,1-6): warning X4000: use of potentially uninitialized variable (dyn_index_vec4_float4)

[0610/213943.518:WARNING:angle_platform_impl.cc(48)] HLSLCompiler.cpp:257 (compileToBinary): 
C:\fakepath(125,1): warning X4000: use of potentially uninitialized variable (f_mainImage)

[0610/213943.602:WARNING:angle_platform_impl.cc(48)] HLSLCompiler.cpp:257 (compileToBinary): 
C:\fakepath(135,1): warning X4000: use of potentially uninitialized variable (f_i)
C:\fakepath(137,1): warning X4000: use of potentially uninitialized variable (f_i)
C:\fakepath(173,1): warning X4000: use of potentially uninitialized variable (f_u)

